// Jest Snapshot v1, https://goo.gl/fbAQLP

exports[`<CurrentLocation /> should render nothing if NO location address is passed 1`] = `
<View
  style={
    {
      "zIndex": 1,
    }
  }
>
  <View
    style={
      {
        "alignItems": "center",
        "flexDirection": "row",
        "justifyContent": "center",
        "zIndex": 1,
      }
    }
  />
  <View
    style={
      {
        "marginBottom": 16,
        "zIndex": 1,
      }
    }
  />
</View>
`;
